MPLINK 5.09, LINKER
Linker Map File - Created Fri Oct 11 14:42:59 2019

                                 Section Info
                  Section       Type    Address   Location Size(Bytes)
                ---------  ---------  ---------  ---------  ---------
                   .org_0       code   0x000000    program   0x000004
                   .cinit    romdata   0x000004    program   0x000002
                   .org_1       code   0x000008    program   0x000004
                MAIN_PROG       code   0x00000c    program   0x00002a



                              Program Memory Usage 
                               Start         End      
                           ---------   ---------      
                            0x000000    0x000005      
                            0x000008    0x000035      
            52 out of 16408 program addresses used, program memory utilization is 0%



                              Symbols - Sorted by Name
                     Name    Address   Location    Storage File                     
                ---------  ---------  ---------  --------- ---------                
                MAIN_LOOP   0x000032    program     static /Users/adrienbuot/Documents/Travail/Ing4/elec-4eme-annee/Microcontrôleur/Test1_Interruptions1.X/newpic_8b_general.asm
           TMR0_interrupt   0x000014    program     static /Users/adrienbuot/Documents/Travail/Ing4/elec-4eme-annee/Microcontrôleur/Test1_Interruptions1.X/newpic_8b_general.asm
               irq_handle   0x00000c    program     static /Users/adrienbuot/Documents/Travail/Ing4/elec-4eme-annee/Microcontrôleur/Test1_Interruptions1.X/newpic_8b_general.asm
                prog_init   0x00001a    program     static /Users/adrienbuot/Documents/Travail/Ing4/elec-4eme-annee/Microcontrôleur/Test1_Interruptions1.X/newpic_8b_general.asm



                              Symbols - Sorted by Address
                     Name    Address   Location    Storage File                     
                ---------  ---------  ---------  --------- ---------                
               irq_handle   0x00000c    program     static /Users/adrienbuot/Documents/Travail/Ing4/elec-4eme-annee/Microcontrôleur/Test1_Interruptions1.X/newpic_8b_general.asm
           TMR0_interrupt   0x000014    program     static /Users/adrienbuot/Documents/Travail/Ing4/elec-4eme-annee/Microcontrôleur/Test1_Interruptions1.X/newpic_8b_general.asm
                prog_init   0x00001a    program     static /Users/adrienbuot/Documents/Travail/Ing4/elec-4eme-annee/Microcontrôleur/Test1_Interruptions1.X/newpic_8b_general.asm
                MAIN_LOOP   0x000032    program     static /Users/adrienbuot/Documents/Travail/Ing4/elec-4eme-annee/Microcontrôleur/Test1_Interruptions1.X/newpic_8b_general.asm


