MPLINK 5.09, LINKER
Linker Map File - Created Fri Sep 27 09:34:03 2019

                                 Section Info
                  Section       Type    Address   Location Size(Bytes)
                ---------  ---------  ---------  ---------  ---------
                 RES_VECT       code   0x000000    program   0x000004
                   .cinit    romdata   0x000004    program   0x000002
                MAIN_PROG       code   0x000006    program   0x000036



                              Program Memory Usage 
                               Start         End      
                           ---------   ---------      
                            0x000000    0x00003b      
            60 out of 33048 program addresses used, program memory utilization is 0%



                              Symbols - Sorted by Name
                     Name    Address   Location    Storage File                     
                ---------  ---------  ---------  --------- ---------                
                     INIT   0x000006    program     static C:\Users\Utilisateur\Dropbox\cours\microcontroleur\test1_Interruptions.X\newpic_8b_general.asm
                MAIN_LOOP   0x000016    program     static C:\Users\Utilisateur\Dropbox\cours\microcontroleur\test1_Interruptions.X\newpic_8b_general.asm
                    PORTD   0x000020    program     static C:\Users\Utilisateur\Dropbox\cours\microcontroleur\test1_Interruptions.X\newpic_8b_general.asm
                 my_delay   0x00002e    program     static C:\Users\Utilisateur\Dropbox\cours\microcontroleur\test1_Interruptions.X\newpic_8b_general.asm
               prog_start   0x00000a    program     static C:\Users\Utilisateur\Dropbox\cours\microcontroleur\test1_Interruptions.X\newpic_8b_general.asm



                              Symbols - Sorted by Address
                     Name    Address   Location    Storage File                     
                ---------  ---------  ---------  --------- ---------                
                     INIT   0x000006    program     static C:\Users\Utilisateur\Dropbox\cours\microcontroleur\test1_Interruptions.X\newpic_8b_general.asm
               prog_start   0x00000a    program     static C:\Users\Utilisateur\Dropbox\cours\microcontroleur\test1_Interruptions.X\newpic_8b_general.asm
                MAIN_LOOP   0x000016    program     static C:\Users\Utilisateur\Dropbox\cours\microcontroleur\test1_Interruptions.X\newpic_8b_general.asm
                    PORTD   0x000020    program     static C:\Users\Utilisateur\Dropbox\cours\microcontroleur\test1_Interruptions.X\newpic_8b_general.asm
                 my_delay   0x00002e    program     static C:\Users\Utilisateur\Dropbox\cours\microcontroleur\test1_Interruptions.X\newpic_8b_general.asm


