Microchip MPLAB XC8 Compiler V2.10 ()

Linker command line:

-W-3 --edf=C:\Program Files (x86)\Microchip\xc8\v2.10\pic\dat\en_msgs.txt \
  -cs -h+dist/default/production\Faut_que_ca_marche.X.production.sym \
  --cmf=dist/default/production\Faut_que_ca_marche.X.production.cmf -z \
  -Q18F4550 -oC:\Users\UTILIS~1\AppData\Local\Temp\sf68.2 \
  --defsym=__MPLAB_BUILD=1 \
  -Mdist/default/production/Faut_que_ca_marche.X.production.map -E1 \
  -ver=XC8 --acfsm=1493 -ASTACK=02DCh-07FFh -pstack=STACK -ACODE=00h-07FFFh \
  -ACONST=00h-07FFFh -ASMALLCONST=0800h-08FFhx120 \
  -AMEDIUMCONST=0800h-07FFFh -ACOMRAM=01h-05Fh -AABS1=00h-07FFh \
  -ABIGRAM=01h-07FFh -ARAM=060h-0FFh,0100h-01FFhx7 -ABANK0=060h-0FFh \
  -ABANK1=0100h-01FFh -ABANK2=0200h-02FFh -ABANK3=0300h-03FFh \
  -ABANK4=0400h-04FFh -ABANK5=0500h-05FFh -ABANK6=0600h-06FFh \
  -ABANK7=0700h-07FFh -ASFR=0F60h-0FFFh \
  -preset_vec=00h,intcode,intcodelo,powerup,init -pramtop=0800h \
  -psmallconst=SMALLCONST -pmediumconst=MEDIUMCONST -pconst=CONST \
  -AFARRAM=00h-00h -ACONFIG=0300000h-030000Dh -pconfig=CONFIG \
  -AIDLOC=0200000h-0200007h -pidloc=IDLOC -AEEDATA=0F00000h-0F000FFh \
  -peeprom_data=EEDATA \
  -prdata=COMRAM,nvrram=COMRAM,nvbit=COMRAM,rbss=COMRAM,rbit=COMRAM \
  -pfarbss=FARRAM,fardata=FARRAM,nvFARRAM=FARRAM \
  -pintsave_regs=BIGRAM,bigbss=BIGRAM,bigdata=BIGRAM -pbss=RAM \
  -pidata=CODE,irdata=CODE,ibigdata=CODE,ifardata=CODE -prparam=COMRAM \
  C:\Users\UTILIS~1\AppData\Local\Temp\sf68.o \
  dist/default/production\Faut_que_ca_marche.X.production.o 

Object code version is 3.11

Machine type is 18F4550

Call graph: (short form)




                Name                               Link     Load   Length Selector   Space Scale
C:\Users\UTILIS~1\AppData\Local\Temp\sf68.o
                init                                  0        0        4        0       0
                idloc                            200000   200000        8   200000       0
                config                           300000   300000        E   300000       0
dist/default/production\Faut_que_ca_marche.X.production.o
                mediumconst                        773A     773A      8C6     3B9D       0
                text12                             6F30     6F30       36     3798       0
                text11                             70D0     70D0       80     3868       0
                text10                             7150     7150       9C     38A8       0
                text9                              6FFC     6FFC       68     37FE       0
                text8                              7354     7354       C4     39AA       0
                text7                              6F66     6F66       36     37B3       0
                text6                              7418     7418       D2     3A0C       0
                text5                              7296     7296       BE     394B       0
                text4                              6F9C     6F9C       60     37CE       0
                text3                              7064     7064       6C     3832       0
                text2                              71EC     71EC       AA     38F6       0
                text1                              6EFE     6EFE       32     377F       0
                text0                              74EA     74EA      250     3A75       0
                cstackCOMRAM                          1        1       2B        1       1
                cstackBANK1                         100      100       F2      100       1
                bssBANK2                            200      200       DC      200       1
                bssBANK1                            1F2      1F2        8      100       1
                bssCOMRAM                            2C       2C        A        1       1
                cinit                              6ED0     6ED0       2E     3768       0

TOTAL           Name                               Link     Load   Length     Space
        CLASS   STACK          

        CLASS   CODE           
                init                                  0        0        4         0
                text12                             6F30     6F30       36         0
                text11                             70D0     70D0       80         0
                text10                             7150     7150       9C         0
                text9                              6FFC     6FFC       68         0
                text8                              7354     7354       C4         0
                text7                              6F66     6F66       36         0
                text6                              7418     7418       D2         0
                text5                              7296     7296       BE         0
                text4                              6F9C     6F9C       60         0
                text3                              7064     7064       6C         0
                text2                              71EC     71EC       AA         0
                text1                              6EFE     6EFE       32         0
                text0                              74EA     74EA      250         0
                cinit                              6ED0     6ED0       2E         0

        CLASS   CONST          

        CLASS   SMALLCONST     

        CLASS   MEDIUMCONST    
                mediumconst                        773A     773A      8C6         0

        CLASS   COMRAM         
                cstackCOMRAM                          1        1       2B         1
                bssCOMRAM                            2C       2C        A         1

        CLASS   ABS1           

        CLASS   BIGRAM         

        CLASS   RAM            

        CLASS   BANK0          

        CLASS   BANK1          
                cstackBANK1                         100      100       F2         1
                bssBANK1                            1F2      1F2        8         1

        CLASS   BANK2          
                bssBANK2                            200      200       DC         1

        CLASS   BANK3          

        CLASS   BANK4          

        CLASS   BANK5          

        CLASS   BANK6          

        CLASS   BANK7          

        CLASS   SFR            

        CLASS   FARRAM         

        CLASS   CONFIG         
                config                           300000   300000        E         0

        CLASS   IDLOC          
                idloc                            200000   200000        8         0

        CLASS   EEDATA         



SEGMENTS        Name                           Load    Length   Top    Selector   Space  Class

                reset_vec                      000000  000004  000004         0       0  CODE    
                cstackCOMRAM                   000001  000035  000036         1       1  COMRAM  
                cstackBANK1                    000100  0000FA  0001FA       100       1  BANK1   
                bssBANK2                       000200  0000DC  0002DC       200       1  BANK2   
                cinit                          006ED0  00002E  006EFE      3768       0  CODE    
                text1                          006EFE  000032  006F30      377F       0  CODE    
                text12                         006F30  000036  006F66      3798       0  CODE    
                text7                          006F66  000036  006F9C      37B3       0  CODE    
                text4                          006F9C  000060  006FFC      37CE       0  CODE    
                text9                          006FFC  000068  007064      37FE       0  CODE    
                text3                          007064  00006C  0070D0      3832       0  CODE    
                text11                         0070D0  000080  007150      3868       0  CODE    
                text10                         007150  00009C  0071EC      38A8       0  CODE    
                text2                          0071EC  0000AA  007296      38F6       0  CODE    
                text5                          007296  0000BE  007354      394B       0  CODE    
                text8                          007354  0000C4  007418      39AA       0  CODE    
                text6                          007418  0000D2  0074EA      3A0C       0  CODE    
                text0                          0074EA  000250  00773A      3A75       0  CODE    
                mediumconst                    00773A  0008C6  008000      3B9D       0  MEDIUMCO
                idloc                          200000  000008  200008    200000       0  IDLOC   
                config                         300000  00000E  30000E    300000       0  CONFIG  


UNUSED ADDRESS RANGES

        Name                Unused          Largest block    Delta
        BANK0            000060-0000FF               A0
        BANK1            0001FA-0001FF                6
        BANK2            0002DC-0002FF               24
        BANK3            000300-0003FF              100
        BANK4            000400-0004FF              100
        BANK5            000500-0005FF              100
        BANK6            000600-0006FF              100
        BANK7            000700-0007FF              100
        BIGRAM           000036-0000FF               CA
                         0001FA-0001FF                6
                         0002DC-0007FF              524
        CODE             000004-006ECF             6ECC
        COMRAM           000036-00005F               2A
        CONST            000004-006ECF             6ECC
        EEDATA           F00000-F000FF              100
        MEDIUMCONST      000800-006ECF             66D0
        RAM              000060-0000FF               A0
                         0001FA-0001FF                6
                         0002DC-0007FF              100
        SFR              000F60-000FFF               A0
        SMALLCONST       000800-006ECF              100
        STACK            0002DC-0007FF              524

                                  Symbol Table

?___awdiv                 cstackCOMRAM 000001
_ADCON0                   (abs)        000FC2
_ADCON1                   (abs)        000FC1
_Font3x6                  mediumconst  007F3B
_Font8x8                  mediumconst  00773B
_LATBbits                 (abs)        000F8A
_LATD                     (abs)        000F8C
_PORTA                    (abs)        000F80
_PORTB                    (abs)        000F81
_PORTC                    (abs)        000F82
_PORTD                    (abs)        000F83
_PORTE                    (abs)        000F84
_TRISA                    (abs)        000F92
_TRISB                    (abs)        000F93
_TRISC                    (abs)        000F94
_TRISD                    (abs)        000F95
_TRISE                    (abs)        000F96
__CFG_BOR$OFF             (abs)        000000
__CFG_DEBUG$ON            (abs)        000000
__CFG_FOSC$HS             (abs)        000000
__CFG_LVP$OFF             (abs)        000000
__CFG_PWRT$OFF            (abs)        000000
__CFG_WDT$OFF             (abs)        000000
__HRAM                    (abs)        000000
__Habs1                   abs1         000000
__Hbank0                  bank0        000000
__Hbank1                  bank1        000000
__Hbank2                  bank2        000000
__Hbank3                  bank3        000000
__Hbank4                  bank4        000000
__Hbank5                  bank5        000000
__Hbank6                  bank6        000000
__Hbank7                  bank7        000000
__Hbigbss                 bigbss       000000
__Hbigdata                bigdata      000000
__Hbigram                 bigram       000000
__Hbss                    bss          000000
__HbssBANK1               bssBANK1     000000
__HbssBANK2               bssBANK2     000000
__HbssCOMRAM              bssCOMRAM    000000
__Hcinit                  cinit        000000
__Hclrtext                clrtext      000000
__Hcomram                 comram       000000
__Hconfig                 config       30000E
__Hconst                  const        000000
__HcstackBANK1            cstackBANK1  000000
__HcstackCOMRAM           cstackCOMRAM 000000
__Hdata                   data         000000
__Heeprom_data            eeprom_data  000000
__Hfarbss                 farbss       000000
__Hfardata                fardata      000000
__Hibigdata               ibigdata     000000
__Hidata                  idata        000000
__Hidloc                  idloc        200008
__Hifardata               ifardata     000000
__Hinit                   init         000004
__Hintcode                intcode      000000
__Hintcode_body           intcode_body 000000
__Hintcodelo              intcodelo    000000
__Hintentry               intentry     000000
__Hintret                 intret       000000
__Hintsave_regs           intsave_regs 000000
__Hirdata                 irdata       000000
__Hmediumconst            mediumconst  008000
__HnvFARRAM               nvFARRAM     000000
__Hnvbit                  nvbit        000000
__Hnvrram                 nvrram       000000
__Hparam                  rparam       000000
__Hpowerup                powerup      000000
__Hram                    ram          000000
__Hramtop                 ramtop       000800
__Hrbit                   rbit         000000
__Hrbss                   rbss         000000
__Hrdata                  rdata        000000
__Hreset_vec              reset_vec    000000
__Hrparam                 rparam       000000
__Hsfr                    sfr          000000
__Hsmallconst             smallconst   000000
__Hspace_0                (abs)        30000E
__Hspace_1                (abs)        0002DC
__Hspace_2                (abs)        000000
__Hstack                  stack        000000
__Hstruct                 struct       000000
__Htemp                   temp         000000
__Htext                   text         000000
__Htext0                  text0        000000
__Htext1                  text1        000000
__Htext10                 text10       000000
__Htext11                 text11       000000
__Htext12                 text12       000000
__Htext2                  text2        000000
__Htext3                  text3        000000
__Htext4                  text4        000000
__Htext5                  text5        000000
__Htext6                  text6        000000
__Htext7                  text7        000000
__Htext8                  text8        000000
__Htext9                  text9        000000
__LRAM                    (abs)        000001
__Labs1                   abs1         000000
__Lbank0                  bank0        000000
__Lbank1                  bank1        000000
__Lbank2                  bank2        000000
__Lbank3                  bank3        000000
__Lbank4                  bank4        000000
__Lbank5                  bank5        000000
__Lbank6                  bank6        000000
__Lbank7                  bank7        000000
__Lbigbss                 bigbss       000000
__Lbigdata                bigdata      000000
__Lbigram                 bigram       000000
__Lbss                    bss          000000
__LbssBANK1               bssBANK1     000000
__LbssBANK2               bssBANK2     000000
__LbssCOMRAM              bssCOMRAM    000000
__Lcinit                  cinit        000000
__Lclrtext                clrtext      000000
__Lcomram                 comram       000000
__Lconfig                 config       300000
__Lconst                  const        000000
__LcstackBANK1            cstackBANK1  000000
__LcstackCOMRAM           cstackCOMRAM 000000
__Ldata                   data         000000
__Leeprom_data            eeprom_data  000000
__Lfarbss                 farbss       000000
__Lfardata                fardata      000000
__Libigdata               ibigdata     000000
__Lidata                  idata        000000
__Lidloc                  idloc        200000
__Lifardata               ifardata     000000
__Linit                   init         000000
__Lintcode                intcode      000000
__Lintcode_body           intcode_body 000000
__Lintcodelo              intcodelo    000000
__Lintentry               intentry     000000
__Lintret                 intret       000000
__Lintsave_regs           intsave_regs 000000
__Lirdata                 irdata       000000
__Lmediumconst            mediumconst  00773A
__LnvFARRAM               nvFARRAM     000000
__Lnvbit                  nvbit        000000
__Lnvrram                 nvrram       000000
__Lparam                  rparam       000000
__Lpowerup                powerup      000000
__Lram                    ram          000000
__Lramtop                 ramtop       000800
__Lrbit                   rbit         000000
__Lrbss                   rbss         000000
__Lrdata                  rdata        000000
__Lreset_vec              reset_vec    000000
__Lrparam                 rparam       000000
__Lsfr                    sfr          000000
__Lsmallconst             smallconst   000000
__Lspace_0                (abs)        000000
__Lspace_1                (abs)        000000
__Lspace_2                (abs)        000000
__Lstack                  stack        000000
__Lstruct                 struct       000000
__Ltemp                   temp         000000
__Ltext                   text         000000
__Ltext0                  text0        000000
__Ltext1                  text1        000000
__Ltext10                 text10       000000
__Ltext11                 text11       000000
__Ltext12                 text12       000000
__Ltext2                  text2        000000
__Ltext3                  text3        000000
__Ltext4                  text4        000000
__Ltext5                  text5        000000
__Ltext6                  text6        000000
__Ltext7                  text7        000000
__Ltext8                  text8        000000
__Ltext9                  text9        000000
__S0                      (abs)        30000E
__S1                      (abs)        0002DC
__S2                      (abs)        000000
___awdiv                  text8        007354
___awdiv@counter          cstackCOMRAM 000005
___awdiv@dividend         cstackCOMRAM 000001
___awdiv@divisor          cstackCOMRAM 000003
___awdiv@quotient         cstackCOMRAM 000007
___awdiv@sign             cstackCOMRAM 000006
___inthi_sp               stack        000000
___intlo_sp               stack        000000
___param_bank             (abs)        000000
___rparam_used            (abs)        000001
___sp                     stack        000000
__accesstop               (abs)        000060
__activetblptr            (abs)        000002
__end_of_Font3x6          mediumconst  007FFE
__end_of_Font8x8          mediumconst  007F3B
__end_of___awdiv          text8        007418
__end_of__initialization  cinit        006EF4
__end_of_glcd_FillScreen  text11       007150
__end_of_glcd_Init        text10       0071EC
__end_of_glcd_PlotPixel   text6        0074EA
__end_of_glcd_ReadByte    text7        006F9C
__end_of_glcd_Rect        text5        007354
__end_of_glcd_SetCursor   text9        007064
__end_of_glcd_WriteByte   text12       006F66
__end_of_glcd_draw_cube   text4        006FFC
__end_of_glcd_draw_shape  text3        0070D0
__end_of_glcd_print_tab   text2        007296
__end_of_initMyPIC18F     text1        006F30
__end_of_main             text0        00773A
__initialization          cinit        006ED0
__mediumconst             mediumconst  00773A
__pbssBANK1               bssBANK1     0001F2
__pbssBANK2               bssBANK2     000200
__pbssCOMRAM              bssCOMRAM    00002C
__pcinit                  cinit        006ED0
__pcstackBANK1            cstackBANK1  000100
__pcstackCOMRAM           cstackCOMRAM 000001
__pmediumconst            mediumconst  00773A
__ptext0                  text0        0074EA
__ptext1                  text1        006EFE
__ptext10                 text10       007150
__ptext11                 text11       0070D0
__ptext12                 text12       006F30
__ptext2                  text2        0071EC
__ptext3                  text3        007064
__ptext4                  text4        006F9C
__ptext5                  text5        007296
__ptext6                  text6        007418
__ptext7                  text7        006F66
__ptext8                  text8        007354
__ptext9                  text9        006FFC
__ramtop                  ramtop       000800
__size_of___awdiv         (abs)        000000
__size_of_glcd_FillScreen (abs)        000000
__size_of_glcd_Init       (abs)        000000
__size_of_glcd_PlotPixel  (abs)        000000
__size_of_glcd_ReadByte   (abs)        000000
__size_of_glcd_Rect       (abs)        000000
__size_of_glcd_SetCursor  (abs)        000000
__size_of_glcd_WriteByte  (abs)        000000
__size_of_glcd_draw_cube  (abs)        000000
__size_of_glcd_draw_shape (abs)        000000
__size_of_glcd_print_tab  (abs)        000000
__size_of_initMyPIC18F    (abs)        000000
__size_of_main            (abs)        000000
__smallconst              smallconst   000000
_glcd_FillScreen          text11       0070D0
_glcd_Init                text10       007150
_glcd_PlotPixel           text6        007418
_glcd_ReadByte            text7        006F66
_glcd_Rect                text5        007296
_glcd_SetCursor           text9        006FFC
_glcd_WriteByte           text12       006F30
_glcd_draw_cube           text4        006F9C
_glcd_draw_shape          text3        007064
_glcd_print_tab           text2        0071EC
_initMyPIC18F             text1        006EFE
_main                     text0        0074EA
_x                        bssCOMRAM    000035
_y                        bssCOMRAM    000034
end_of_initialization     cinit        006EF4
glcd_FillScreen@color     cstackCOMRAM 00000B
glcd_FillScreen@i         cstackCOMRAM 00000D
glcd_FillScreen@j         cstackCOMRAM 00000C
glcd_Init@mode            cstackCOMRAM 00000E
glcd_PlotPixel@color      cstackCOMRAM 00000C
glcd_PlotPixel@data       cstackCOMRAM 000010
glcd_PlotPixel@side       cstackCOMRAM 000011
glcd_PlotPixel@xpos       cstackCOMRAM 00000F
glcd_PlotPixel@ypos       cstackCOMRAM 00000B
glcd_ReadByte@data        cstackCOMRAM 000002
glcd_ReadByte@side        cstackCOMRAM 000001
glcd_Rect@color           cstackCOMRAM 000015
glcd_Rect@i               cstackCOMRAM 000017
glcd_Rect@j               cstackCOMRAM 000018
glcd_Rect@xe              cstackCOMRAM 000013
glcd_Rect@xs              cstackCOMRAM 000016
glcd_Rect@ye              cstackCOMRAM 000014
glcd_Rect@ys              cstackCOMRAM 000012
glcd_SetCursor@side       cstackCOMRAM 00000C
glcd_SetCursor@xpos       cstackCOMRAM 00000D
glcd_SetCursor@ypos       cstackCOMRAM 00000B
glcd_WriteByte@data       cstackCOMRAM 000009
glcd_WriteByte@side       cstackCOMRAM 00000A
glcd_draw_cube@color      cstackCOMRAM 00001A
glcd_draw_cube@x          cstackCOMRAM 000019
glcd_draw_cube@y          cstackCOMRAM 00001B
glcd_draw_shape@color     cstackCOMRAM 00001E
glcd_draw_shape@forme     cstackCOMRAM 00001C
glcd_draw_shape@i         cstackCOMRAM 000022
glcd_draw_shape@j         cstackCOMRAM 000023
glcd_print_tab@ecran      cstackCOMRAM 00001C
glcd_print_tab@i          cstackCOMRAM 000021
glcd_print_tab@j          cstackCOMRAM 000022
intlevel0                 text         000000
intlevel1                 text         000000
intlevel2                 text         000000
intlevel3                 text         000000
main@ecran                cstackBANK1  000100
main@forme                cstackBANK1  0001E4
main@i                    cstackBANK1  0001F0
main@previous_forme       cstackBANK1  0001DC
main@x                    cstackBANK1  0001EC
main@y                    cstackBANK1  0001EE
stackhi                   (abs)        0007FF
stacklo                   (abs)        0002DC
start                     init         000000
start_initialization      cinit        006ED0


FUNCTION INFORMATION:

 *************** function _main *****************
 Defined at:
		line 18 in file "newmain1.c"
 Parameters:    Size  Location     Type
		None
 Auto vars:     Size  Location     Type
  ecran         220    0[BANK1 ] unsigned char [22][10]
  forme           8  228[BANK1 ] unsigned char [2][4]
  previous_for    8  220[BANK1 ] unsigned char [2][4]
  i               2  240[BANK1 ] int 
  y               2  238[BANK1 ] int 
  x               2  236[BANK1 ] int 
 Return value:  Size  Location     Type
                  1    wreg      void 
 Registers used:
		wreg, fsr1l, fsr1h, fsr2l, fsr2h, status,2, status,0, prodl, prodh, cstack
 Tracked objects:
		On entry : 
		On exit  : 
		Unchanged: 
 Data sizes:     COMRAM   BANK0   BANK1   BANK2   BANK3   BANK4   BANK5   BANK6   BANK7
      Params:         0       0       0       0       0       0       0       0       0
      Locals:         0       0     242       0       0       0       0       0       0
      Temps:          8       0       0       0       0       0       0       0       0
      Totals:         8       0     242       0       0       0       0       0       0
Total ram usage:      250 bytes
 Hardware stack levels required when called:    5
 This function calls:
		_glcd_Init
		_glcd_Rect
		_glcd_SetCursor
		_glcd_draw_shape
		_glcd_print_tab
		_initMyPIC18F
 This function is called by:
		Startup code after reset
 This function uses a non-reentrant model


 *************** function _initMyPIC18F *****************
 Defined at:
		line 4 in file "init.c"
 Parameters:    Size  Location     Type
		None
 Auto vars:     Size  Location     Type
		None
 Return value:  Size  Location     Type
                  1    wreg      void 
 Registers used:
		wreg, status,2
 Tracked objects:
		On entry : 
		On exit  : 
		Unchanged: 
 Data sizes:     COMRAM   BANK0   BANK1   BANK2   BANK3   BANK4   BANK5   BANK6   BANK7
      Params:         0       0       0       0       0       0       0       0       0
      Locals:         0       0       0       0       0       0       0       0       0
      Temps:          0       0       0       0       0       0       0       0       0
      Totals:         0       0       0       0       0       0       0       0       0
Total ram usage:        0 bytes
 Hardware stack levels used:    1
 This function calls:
		Nothing
 This function is called by:
		_main
 This function uses a non-reentrant model


 *************** function _glcd_print_tab *****************
 Defined at:
		line 660 in file "glcd.c"
 Parameters:    Size  Location     Type
  ecran           2   27[COMRAM] PTR unsigned char [22]
		 -> main@ecran(220), 
 Auto vars:     Size  Location     Type
  j               1   33[COMRAM] unsigned char 
  i               1   32[COMRAM] unsigned char 
 Return value:  Size  Location     Type
                  1    wreg      void 
 Registers used:
		wreg, fsr2l, fsr2h, status,2, status,0, prodl, prodh, cstack
 Tracked objects:
		On entry : 
		On exit  : 
		Unchanged: 
 Data sizes:     COMRAM   BANK0   BANK1   BANK2   BANK3   BANK4   BANK5   BANK6   BANK7
      Params:         2       0       0       0       0       0       0       0       0
      Locals:         2       0       0       0       0       0       0       0       0
      Temps:          3       0       0       0       0       0       0       0       0
      Totals:         7       0       0       0       0       0       0       0       0
Total ram usage:        7 bytes
 Hardware stack levels used:    1
 Hardware stack levels required when called:    4
 This function calls:
		_glcd_draw_cube
 This function is called by:
		_main
 This function uses a non-reentrant model


 *************** function _glcd_draw_shape *****************
 Defined at:
		line 689 in file "glcd.c"
 Parameters:    Size  Location     Type
  forme           2   27[COMRAM] PTR unsigned char [2]
		 -> main@previous_forme(8), main@forme(8), 
  color           1   29[COMRAM] unsigned char 
 Auto vars:     Size  Location     Type
  j               1   34[COMRAM] unsigned char 
  i               1   33[COMRAM] unsigned char 
 Return value:  Size  Location     Type
                  1    wreg      void 
 Registers used:
		wreg, fsr2l, fsr2h, status,2, status,0, prodl, prodh, cstack
 Tracked objects:
		On entry : 
		On exit  : 
		Unchanged: 
 Data sizes:     COMRAM   BANK0   BANK1   BANK2   BANK3   BANK4   BANK5   BANK6   BANK7
      Params:         3       0       0       0       0       0       0       0       0
      Locals:         2       0       0       0       0       0       0       0       0
      Temps:          3       0       0       0       0       0       0       0       0
      Totals:         8       0       0       0       0       0       0       0       0
Total ram usage:        8 bytes
 Hardware stack levels used:    1
 Hardware stack levels required when called:    4
 This function calls:
		_glcd_draw_cube
 This function is called by:
		_main
 This function uses a non-reentrant model


 *************** function _glcd_draw_cube *****************
 Defined at:
		line 681 in file "glcd.c"
 Parameters:    Size  Location     Type
  y               1    wreg     unsigned char 
  x               1   24[COMRAM] unsigned char 
  color           1   25[COMRAM] unsigned char 
 Auto vars:     Size  Location     Type
  y               1   26[COMRAM] unsigned char 
 Return value:  Size  Location     Type
                  1    wreg      void 
 Registers used:
		wreg, status,2, status,0, prodl, prodh, cstack
 Tracked objects:
		On entry : 
		On exit  : 
		Unchanged: 
 Data sizes:     COMRAM   BANK0   BANK1   BANK2   BANK3   BANK4   BANK5   BANK6   BANK7
      Params:         2       0       0       0       0       0       0       0       0
      Locals:         1       0       0       0       0       0       0       0       0
      Temps:          0       0       0       0       0       0       0       0       0
      Totals:         3       0       0       0       0       0       0       0       0
Total ram usage:        3 bytes
 Hardware stack levels used:    1
 Hardware stack levels required when called:    3
 This function calls:
		_glcd_Rect
 This function is called by:
		_glcd_print_tab
		_glcd_draw_shape
 This function uses a non-reentrant model


 *************** function _glcd_Rect *****************
 Defined at:
		line 643 in file "glcd.c"
 Parameters:    Size  Location     Type
  xs              1    wreg     unsigned char 
  ys              1   17[COMRAM] unsigned char 
  xe              1   18[COMRAM] unsigned char 
  ye              1   19[COMRAM] unsigned char 
  color           1   20[COMRAM] unsigned char 
 Auto vars:     Size  Location     Type
  xs              1   21[COMRAM] unsigned char 
  j               1   23[COMRAM] unsigned char 
  i               1   22[COMRAM] unsigned char 
 Return value:  Size  Location     Type
                  1    wreg      void 
 Registers used:
		wreg, status,2, status,0, cstack
 Tracked objects:
		On entry : 
		On exit  : 
		Unchanged: 
 Data sizes:     COMRAM   BANK0   BANK1   BANK2   BANK3   BANK4   BANK5   BANK6   BANK7
      Params:         4       0       0       0       0       0       0       0       0
      Locals:         3       0       0       0       0       0       0       0       0
      Temps:          0       0       0       0       0       0       0       0       0
      Totals:         7       0       0       0       0       0       0       0       0
Total ram usage:        7 bytes
 Hardware stack levels used:    1
 Hardware stack levels required when called:    2
 This function calls:
		_glcd_PlotPixel
 This function is called by:
		_main
		_glcd_draw_cube
 This function uses a non-reentrant model


 *************** function _glcd_PlotPixel *****************
 Defined at:
		line 469 in file "glcd.c"
 Parameters:    Size  Location     Type
  xpos            1    wreg     unsigned char 
  ypos            1   10[COMRAM] unsigned char 
  color           1   11[COMRAM] unsigned char 
 Auto vars:     Size  Location     Type
  xpos            1   14[COMRAM] unsigned char 
  side            1   16[COMRAM] unsigned char 
  data            1   15[COMRAM] unsigned char 
 Return value:  Size  Location     Type
                  1    wreg      void 
 Registers used:
		wreg, status,2, status,0, cstack
 Tracked objects:
		On entry : 
		On exit  : 
		Unchanged: 
 Data sizes:     COMRAM   BANK0   BANK1   BANK2   BANK3   BANK4   BANK5   BANK6   BANK7
      Params:         2       0       0       0       0       0       0       0       0
      Locals:         3       0       0       0       0       0       0       0       0
      Temps:          2       0       0       0       0       0       0       0       0
      Totals:         7       0       0       0       0       0       0       0       0
Total ram usage:        7 bytes
 Hardware stack levels used:    1
 Hardware stack levels required when called:    1
 This function calls:
		___awdiv
		_glcd_ReadByte
		_glcd_WriteByte
 This function is called by:
		_glcd_Rect
 This function uses a non-reentrant model


 *************** function _glcd_ReadByte *****************
 Defined at:
		line 433 in file "glcd.c"
 Parameters:    Size  Location     Type
  side            1    wreg     unsigned char 
 Auto vars:     Size  Location     Type
  side            1    0[COMRAM] unsigned char 
  data            1    1[COMRAM] unsigned char 
 Return value:  Size  Location     Type
                  1    wreg      unsigned char 
 Registers used:
		wreg, status,2
 Tracked objects:
		On entry : 
		On exit  : 
		Unchanged: 
 Data sizes:     COMRAM   BANK0   BANK1   BANK2   BANK3   BANK4   BANK5   BANK6   BANK7
      Params:         0       0       0       0       0       0       0       0       0
      Locals:         2       0       0       0       0       0       0       0       0
      Temps:          0       0       0       0       0       0       0       0       0
      Totals:         2       0       0       0       0       0       0       0       0
Total ram usage:        2 bytes
 Hardware stack levels used:    1
 This function calls:
		Nothing
 This function is called by:
		_glcd_PlotPixel
 This function uses a non-reentrant model


 *************** function ___awdiv *****************
 Defined at:
		line 7 in file "C:\Program Files (x86)\Microchip\xc8\v2.10\pic\sources\c99\common\awdiv.c"
 Parameters:    Size  Location     Type
  dividend        2    0[COMRAM] int 
  divisor         2    2[COMRAM] int 
 Auto vars:     Size  Location     Type
  quotient        2    6[COMRAM] int 
  sign            1    5[COMRAM] unsigned char 
  counter         1    4[COMRAM] unsigned char 
 Return value:  Size  Location     Type
                  2    0[COMRAM] int 
 Registers used:
		wreg, status,2, status,0
 Tracked objects:
		On entry : 
		On exit  : 
		Unchanged: 
 Data sizes:     COMRAM   BANK0   BANK1   BANK2   BANK3   BANK4   BANK5   BANK6   BANK7
      Params:         4       0       0       0       0       0       0       0       0
      Locals:         4       0       0       0       0       0       0       0       0
      Temps:          0       0       0       0       0       0       0       0       0
      Totals:         8       0       0       0       0       0       0       0       0
Total ram usage:        8 bytes
 Hardware stack levels used:    1
 This function calls:
		Nothing
 This function is called by:
		_glcd_PlotPixel
 This function uses a non-reentrant model


 *************** function _glcd_SetCursor *****************
 Defined at:
		line 508 in file "glcd.c"
 Parameters:    Size  Location     Type
  xpos            1    wreg     unsigned char 
  ypos            1   10[COMRAM] unsigned char 
 Auto vars:     Size  Location     Type
  xpos            1   12[COMRAM] unsigned char 
  side            1   11[COMRAM] unsigned char 
 Return value:  Size  Location     Type
                  1    wreg      void 
 Registers used:
		wreg, status,2, status,0, cstack
 Tracked objects:
		On entry : 
		On exit  : 
		Unchanged: 
 Data sizes:     COMRAM   BANK0   BANK1   BANK2   BANK3   BANK4   BANK5   BANK6   BANK7
      Params:         1       0       0       0       0       0       0       0       0
      Locals:         2       0       0       0       0       0       0       0       0
      Temps:          0       0       0       0       0       0       0       0       0
      Totals:         3       0       0       0       0       0       0       0       0
Total ram usage:        3 bytes
 Hardware stack levels used:    1
 Hardware stack levels required when called:    1
 This function calls:
		_glcd_WriteByte
 This function is called by:
		_main
 This function uses a non-reentrant model


 *************** function _glcd_Init *****************
 Defined at:
		line 334 in file "glcd.c"
 Parameters:    Size  Location     Type
  mode            1    wreg     unsigned char 
 Auto vars:     Size  Location     Type
  mode            1   13[COMRAM] unsigned char 
 Return value:  Size  Location     Type
                  1    wreg      void 
 Registers used:
		wreg, status,2, status,0, prodl, prodh, cstack
 Tracked objects:
		On entry : 
		On exit  : 
		Unchanged: 
 Data sizes:     COMRAM   BANK0   BANK1   BANK2   BANK3   BANK4   BANK5   BANK6   BANK7
      Params:         0       0       0       0       0       0       0       0       0
      Locals:         1       0       0       0       0       0       0       0       0
      Temps:          0       0       0       0       0       0       0       0       0
      Totals:         1       0       0       0       0       0       0       0       0
Total ram usage:        1 bytes
 Hardware stack levels used:    1
 Hardware stack levels required when called:    2
 This function calls:
		_glcd_FillScreen
		_glcd_WriteByte
 This function is called by:
		_main
 This function uses a non-reentrant model


 *************** function _glcd_FillScreen *****************
 Defined at:
		line 408 in file "glcd.c"
 Parameters:    Size  Location     Type
  color           1    wreg     unsigned char 
 Auto vars:     Size  Location     Type
  color           1   10[COMRAM] unsigned char 
  i               1   12[COMRAM] unsigned char 
  j               1   11[COMRAM] unsigned char 
 Return value:  Size  Location     Type
                  1    wreg      void 
 Registers used:
		wreg, status,2, status,0, prodl, prodh, cstack
 Tracked objects:
		On entry : 
		On exit  : 
		Unchanged: 
 Data sizes:     COMRAM   BANK0   BANK1   BANK2   BANK3   BANK4   BANK5   BANK6   BANK7
      Params:         0       0       0       0       0       0       0       0       0
      Locals:         3       0       0       0       0       0       0       0       0
      Temps:          0       0       0       0       0       0       0       0       0
      Totals:         3       0       0       0       0       0       0       0       0
Total ram usage:        3 bytes
 Hardware stack levels used:    1
 Hardware stack levels required when called:    1
 This function calls:
		_glcd_WriteByte
 This function is called by:
		_glcd_Init
 This function uses a non-reentrant model


 *************** function _glcd_WriteByte *****************
 Defined at:
		line 374 in file "glcd.c"
 Parameters:    Size  Location     Type
  side            1    wreg     unsigned char 
  data            1    8[COMRAM] unsigned char 
 Auto vars:     Size  Location     Type
  side            1    9[COMRAM] unsigned char 
 Return value:  Size  Location     Type
                  1    wreg      void 
 Registers used:
		wreg, status,2
 Tracked objects:
		On entry : 
		On exit  : 
		Unchanged: 
 Data sizes:     COMRAM   BANK0   BANK1   BANK2   BANK3   BANK4   BANK5   BANK6   BANK7
      Params:         1       0       0       0       0       0       0       0       0
      Locals:         1       0       0       0       0       0       0       0       0
      Temps:          0       0       0       0       0       0       0       0       0
      Totals:         2       0       0       0       0       0       0       0       0
Total ram usage:        2 bytes
 Hardware stack levels used:    1
 This function calls:
		Nothing
 This function is called by:
		_glcd_Init
		_glcd_FillScreen
		_glcd_PlotPixel
		_glcd_SetCursor
		_glcd_WriteChar8X8
		_glcd_WriteChar3x6
 This function uses a non-reentrant model



MODULE INFORMATION

Module		Function		Class		Link	Load	Size
C:\Program Files (x86)\Microchip\xc8\v2.10\pic\sources\c99\common\awdiv.c
		___awdiv       		CODE           	7354	0000	197

C:\Program Files (x86)\Microchip\xc8\v2.10\pic\sources\c99\common\awdiv.c estimated size: 197

shared
		_Font3x6       		MEDIUMCONST    	7F3B	0000	196
		_Font8x8       		MEDIUMCONST    	773B	0000	2049
		__initialization		CODE           	6ED0	0000	37

shared estimated size: 2282

glcd.c
		_glcd_SetCursor		CODE           	6FFC	0000	105
		_glcd_draw_shape		CODE           	7064	0000	109
		_glcd_WriteByte		CODE           	6F30	0000	55
		_glcd_Rect     		CODE           	7296	0000	191
		_glcd_Init     		CODE           	7150	0000	157
		_glcd_ReadByte 		CODE           	6F66	0000	55
		_glcd_FillScreen		CODE           	70D0	0000	129
		_glcd_draw_cube		CODE           	6F9C	0000	97
		_glcd_PlotPixel		CODE           	7418	0000	211
		_glcd_print_tab		CODE           	71EC	0000	171

glcd.c estimated size: 1280

newmain1.c
		_main          		CODE           	74EA	0000	593

newmain1.c estimated size: 593

init.c
		_initMyPIC18F  		CODE           	6EFE	0000	51

init.c estimated size: 51

