Microchip MPLAB XC8 Compiler V2.10 ()

Linker command line:

-W-3 --edf=D:\programmes x86\pic\dat\en_msgs.txt -cs \
  -h+dist/default/production\test3_tetris.X.production.sym \
  --cmf=dist/default/production\test3_tetris.X.production.cmf -z -Q18F4550 \
  -oC:\Users\CLARAS~1\AppData\Local\Temp\s10kg.2 --defsym=__MPLAB_BUILD=1 \
  -Mdist/default/production/test3_tetris.X.production.map -E1 -ver=XC8 \
  --acfsm=1493 -ASTACK=02DCh-07FFh -pstack=STACK -ACODE=00h-07FFFh \
  -ACONST=00h-07FFFh -ASMALLCONST=0800h-08FFhx120 \
  -AMEDIUMCONST=0800h-07FFFh -ACOMRAM=01h-05Fh -AABS1=00h-07FFh \
  -ABIGRAM=01h-07FFh -ARAM=060h-0FFh,0100h-01FFhx7 -ABANK0=060h-0FFh \
  -ABANK1=0100h-01FFh -ABANK2=0200h-02FFh -ABANK3=0300h-03FFh \
  -ABANK4=0400h-04FFh -ABANK5=0500h-05FFh -ABANK6=0600h-06FFh \
  -ABANK7=0700h-07FFh -ASFR=0F60h-0FFFh \
  -preset_vec=00h,intcode,intcodelo,powerup,init -pramtop=0800h \
  -psmallconst=SMALLCONST -pmediumconst=MEDIUMCONST -pconst=CONST \
  -AFARRAM=00h-00h -ACONFIG=0300000h-030000Dh -pconfig=CONFIG \
  -AIDLOC=0200000h-0200007h -pidloc=IDLOC -AEEDATA=0F00000h-0F000FFh \
  -peeprom_data=EEDATA \
  -prdata=COMRAM,nvrram=COMRAM,nvbit=COMRAM,rbss=COMRAM,rbit=COMRAM \
  -pfarbss=FARRAM,fardata=FARRAM,nvFARRAM=FARRAM \
  -pintsave_regs=BIGRAM,bigbss=BIGRAM,bigdata=BIGRAM -pbss=RAM \
  -pidata=CODE,irdata=CODE,ibigdata=CODE,ifardata=CODE -prparam=COMRAM \
  C:\Users\CLARAS~1\AppData\Local\Temp\s10kg.o \
  dist/default/production\test3_tetris.X.production.o 

Object code version is 3.11

Machine type is 18F4550

Call graph: (short form)




                Name                               Link     Load   Length Selector   Space Scale
C:\Users\CLARAS~1\AppData\Local\Temp\s10kg.o
                init                                  0        0        4        0       0
                idloc                            200000   200000        8   200000       0
                config                           300000   300000        E   300000       0
dist/default/production\test3_tetris.X.production.o
                mediumconst                        773A     773A      8C6     3B9D       0
                text20                             6DEA     6DEA       36     36F5       0
                text19                             6F6E     6F6E       80     37B7       0
                text18                             7082     7082       9C     3841       0
                text17                             6E90     6E90       68     3748       0
                text16                             71DC     71DC       C4     38EE       0
                text15                             6E20     6E20       36     3710       0
                text14                             72A0     72A0       D2     3950       0
                text13                             711E     711E       BE     388F       0
                text12                             7372     7372      146     39B9       0
                text11                             6DB8     6DB8       32     36DC       0
                text10                             6CAA     6CAA       1E     3655       0
                text9                              6CC8     6CC8       1E     3664       0
                text8                              6CE6     6CE6       1E     3673       0
                text7                              6D04     6D04       1E     3682       0
                text6                              6D22     6D22       1E     3691       0
                text5                              6D40     6D40       1E     36A0       0
                text4                              6D5E     6D5E       1E     36AF       0
                text3                              6D7C     6D7C       1E     36BE       0
                text2                              6D9A     6D9A       1E     36CD       0
                text1                              74B8     74B8      282     3A5C       0
                text0                              6EF8     6EF8       76     377C       0
                cstackCOMRAM                          1        1       1F        1       1
                cstackBANK1                         100      100       DC      100       1
                bssBANK2                            200      200       DC      200       1
                dataBANK0                            60       60       94       60       1
                bssCOMRAM                            20       20        2        1       1
                cinit                              6E56     6E56       3A     372B       0
                idataBANK0                         6FEE     6FEE       94     6FEE       0

TOTAL           Name                               Link     Load   Length     Space
        CLASS   STACK          

        CLASS   CODE           
                init                                  0        0        4         0
                text20                             6DEA     6DEA       36         0
                text19                             6F6E     6F6E       80         0
                text18                             7082     7082       9C         0
                text17                             6E90     6E90       68         0
                text16                             71DC     71DC       C4         0
                text15                             6E20     6E20       36         0
                text14                             72A0     72A0       D2         0
                text13                             711E     711E       BE         0
                text12                             7372     7372      146         0
                text11                             6DB8     6DB8       32         0
                text10                             6CAA     6CAA       1E         0
                text9                              6CC8     6CC8       1E         0
                text8                              6CE6     6CE6       1E         0
                text7                              6D04     6D04       1E         0
                text6                              6D22     6D22       1E         0
                text5                              6D40     6D40       1E         0
                text4                              6D5E     6D5E       1E         0
                text3                              6D7C     6D7C       1E         0
                text2                              6D9A     6D9A       1E         0
                text1                              74B8     74B8      282         0
                text0                              6EF8     6EF8       76         0
                cinit                              6E56     6E56       3A         0
                idataBANK0                         6FEE     6FEE       94         0

        CLASS   CONST          

        CLASS   SMALLCONST     

        CLASS   MEDIUMCONST    
                mediumconst                        773A     773A      8C6         0

        CLASS   COMRAM         
                cstackCOMRAM                          1        1       1F         1
                bssCOMRAM                            20       20        2         1

        CLASS   ABS1           

        CLASS   BIGRAM         

        CLASS   RAM            

        CLASS   BANK0          
                dataBANK0                            60       60       94         1

        CLASS   BANK1          
                cstackBANK1                         100      100       DC         1

        CLASS   BANK2          
                bssBANK2                            200      200       DC         1

        CLASS   BANK3          

        CLASS   BANK4          

        CLASS   BANK5          

        CLASS   BANK6          

        CLASS   BANK7          

        CLASS   SFR            

        CLASS   FARRAM         

        CLASS   CONFIG         
                config                           300000   300000        E         0

        CLASS   IDLOC          
                idloc                            200000   200000        8         0

        CLASS   EEDATA         



SEGMENTS        Name                           Load    Length   Top    Selector   Space  Class

                reset_vec                      000000  000004  000004         0       0  CODE    
                cstackCOMRAM                   000001  000021  000022         1       1  COMRAM  
                dataBANK0                      000060  000094  0000F4        60       1  BANK0   
                cstackBANK1                    000100  0000DC  0001DC       100       1  BANK1   
                bssBANK2                       000200  0000DC  0002DC       200       1  BANK2   
                text10                         006CAA  00001E  006CC8      3655       0  CODE    
                text9                          006CC8  00001E  006CE6      3664       0  CODE    
                text8                          006CE6  00001E  006D04      3673       0  CODE    
                text7                          006D04  00001E  006D22      3682       0  CODE    
                text6                          006D22  00001E  006D40      3691       0  CODE    
                text5                          006D40  00001E  006D5E      36A0       0  CODE    
                text4                          006D5E  00001E  006D7C      36AF       0  CODE    
                text3                          006D7C  00001E  006D9A      36BE       0  CODE    
                text2                          006D9A  00001E  006DB8      36CD       0  CODE    
                text11                         006DB8  000032  006DEA      36DC       0  CODE    
                text20                         006DEA  000036  006E20      36F5       0  CODE    
                text15                         006E20  000036  006E56      3710       0  CODE    
                cinit                          006E56  00003A  006E90      372B       0  CODE    
                text17                         006E90  000068  006EF8      3748       0  CODE    
                text0                          006EF8  000076  006F6E      377C       0  CODE    
                text19                         006F6E  000080  006FEE      37B7       0  CODE    
                idataBANK0                     006FEE  000094  007082      6FEE       0  CODE    
                text18                         007082  00009C  00711E      3841       0  CODE    
                text13                         00711E  0000BE  0071DC      388F       0  CODE    
                text16                         0071DC  0000C4  0072A0      38EE       0  CODE    
                text14                         0072A0  0000D2  007372      3950       0  CODE    
                text12                         007372  000146  0074B8      39B9       0  CODE    
                text1                          0074B8  000282  00773A      3A5C       0  CODE    
                mediumconst                    00773A  0008C6  008000      3B9D       0  MEDIUMCO
                idloc                          200000  000008  200008    200000       0  IDLOC   
                config                         300000  00000E  30000E    300000       0  CONFIG  


UNUSED ADDRESS RANGES

        Name                Unused          Largest block    Delta
        BANK0            0000F4-0000FF                C
        BANK1            0001DC-0001FF               24
        BANK2            0002DC-0002FF               24
        BANK3            000300-0003FF              100
        BANK4            000400-0004FF              100
        BANK5            000500-0005FF              100
        BANK6            000600-0006FF              100
        BANK7            000700-0007FF              100
        BIGRAM           000022-00005F               3E
                         0000F4-0000FF                C
                         0001DC-0001FF               24
                         0002DC-0007FF              524
        CODE             000004-006CA9             6CA6
        COMRAM           000022-00005F               3E
        CONST            000004-006CA9             6CA6
        EEDATA           F00000-F000FF              100
        MEDIUMCONST      000800-006CA9             64AA
        RAM              0000F4-0000FF                C
                         0001DC-0001FF               24
                         0002DC-0007FF              100
        SFR              000F60-000FFF               A0
        SMALLCONST       000800-006CA9              100
        STACK            0002DC-0007FF              524

                                  Symbol Table

?___awdiv                 cstackCOMRAM 000001
_ADCON0                   (abs)        000FC2
_ADCON1                   (abs)        000FC1
_Font3x6                  mediumconst  007F3B
_Font8x8                  mediumconst  00773B
_LATBbits                 (abs)        000F8A
_LATD                     (abs)        000F8C
_PORTA                    (abs)        000F80
_PORTB                    (abs)        000F81
_PORTC                    (abs)        000F82
_PORTD                    (abs)        000F83
_PORTE                    (abs)        000F84
_PORTEbits                (abs)        000F84
_TRISA                    (abs)        000F92
_TRISB                    (abs)        000F93
_TRISC                    (abs)        000F94
_TRISD                    (abs)        000F95
_TRISE                    (abs)        000F96
_TRISEbits                (abs)        000F96
__CFG_BOR$OFF             (abs)        000000
__CFG_DEBUG$ON            (abs)        000000
__CFG_FOSC$HS             (abs)        000000
__CFG_LVP$OFF             (abs)        000000
__CFG_PWRT$OFF            (abs)        000000
__CFG_WDT$OFF             (abs)        000000
__HRAM                    (abs)        000000
__Habs1                   abs1         000000
__Hbank0                  bank0        000000
__Hbank1                  bank1        000000
__Hbank2                  bank2        000000
__Hbank3                  bank3        000000
__Hbank4                  bank4        000000
__Hbank5                  bank5        000000
__Hbank6                  bank6        000000
__Hbank7                  bank7        000000
__Hbigbss                 bigbss       000000
__Hbigdata                bigdata      000000
__Hbigram                 bigram       000000
__Hbss                    bss          000000
__HbssBANK2               bssBANK2     000000
__HbssCOMRAM              bssCOMRAM    000000
__Hcinit                  cinit        000000
__Hclrtext                clrtext      000000
__Hcomram                 comram       000000
__Hconfig                 config       30000E
__Hconst                  const        000000
__HcstackBANK1            cstackBANK1  000000
__HcstackCOMRAM           cstackCOMRAM 000000
__Hdata                   data         000000
__HdataBANK0              dataBANK0    000000
__Heeprom_data            eeprom_data  000000
__Hfarbss                 farbss       000000
__Hfardata                fardata      000000
__Hibigdata               ibigdata     000000
__Hidata                  idata        000000
__HidataBANK0             idataBANK0   000000
__Hidloc                  idloc        200008
__Hifardata               ifardata     000000
__Hinit                   init         000004
__Hintcode                intcode      000000
__Hintcode_body           intcode_body 000000
__Hintcodelo              intcodelo    000000
__Hintentry               intentry     000000
__Hintret                 intret       000000
__Hintsave_regs           intsave_regs 000000
__Hirdata                 irdata       000000
__Hmediumconst            mediumconst  008000
__HnvFARRAM               nvFARRAM     000000
__Hnvbit                  nvbit        000000
__Hnvrram                 nvrram       000000
__Hparam                  rparam       000000
__Hpowerup                powerup      000000
__Hram                    ram          000000
__Hramtop                 ramtop       000800
__Hrbit                   rbit         000000
__Hrbss                   rbss         000000
__Hrdata                  rdata        000000
__Hreset_vec              reset_vec    000000
__Hrparam                 rparam       000000
__Hsfr                    sfr          000000
__Hsmallconst             smallconst   000000
__Hspace_0                (abs)        30000E
__Hspace_1                (abs)        0002DC
__Hspace_2                (abs)        000000
__Hstack                  stack        000000
__Hstruct                 struct       000000
__Htemp                   temp         000000
__Htext                   text         000000
__Htext0                  text0        000000
__Htext1                  text1        000000
__Htext10                 text10       000000
__Htext11                 text11       000000
__Htext12                 text12       000000
__Htext13                 text13       000000
__Htext14                 text14       000000
__Htext15                 text15       000000
__Htext16                 text16       000000
__Htext17                 text17       000000
__Htext18                 text18       000000
__Htext19                 text19       000000
__Htext2                  text2        000000
__Htext20                 text20       000000
__Htext3                  text3        000000
__Htext4                  text4        000000
__Htext5                  text5        000000
__Htext6                  text6        000000
__Htext7                  text7        000000
__Htext8                  text8        000000
__Htext9                  text9        000000
__LRAM                    (abs)        000001
__Labs1                   abs1         000000
__Lbank0                  bank0        000000
__Lbank1                  bank1        000000
__Lbank2                  bank2        000000
__Lbank3                  bank3        000000
__Lbank4                  bank4        000000
__Lbank5                  bank5        000000
__Lbank6                  bank6        000000
__Lbank7                  bank7        000000
__Lbigbss                 bigbss       000000
__Lbigdata                bigdata      000000
__Lbigram                 bigram       000000
__Lbss                    bss          000000
__LbssBANK2               bssBANK2     000000
__LbssCOMRAM              bssCOMRAM    000000
__Lcinit                  cinit        000000
__Lclrtext                clrtext      000000
__Lcomram                 comram       000000
__Lconfig                 config       300000
__Lconst                  const        000000
__LcstackBANK1            cstackBANK1  000000
__LcstackCOMRAM           cstackCOMRAM 000000
__Ldata                   data         000000
__LdataBANK0              dataBANK0    000000
__Leeprom_data            eeprom_data  000000
__Lfarbss                 farbss       000000
__Lfardata                fardata      000000
__Libigdata               ibigdata     000000
__Lidata                  idata        000000
__LidataBANK0             idataBANK0   000000
__Lidloc                  idloc        200000
__Lifardata               ifardata     000000
__Linit                   init         000000
__Lintcode                intcode      000000
__Lintcode_body           intcode_body 000000
__Lintcodelo              intcodelo    000000
__Lintentry               intentry     000000
__Lintret                 intret       000000
__Lintsave_regs           intsave_regs 000000
__Lirdata                 irdata       000000
__Lmediumconst            mediumconst  00773A
__LnvFARRAM               nvFARRAM     000000
__Lnvbit                  nvbit        000000
__Lnvrram                 nvrram       000000
__Lparam                  rparam       000000
__Lpowerup                powerup      000000
__Lram                    ram          000000
__Lramtop                 ramtop       000800
__Lrbit                   rbit         000000
__Lrbss                   rbss         000000
__Lrdata                  rdata        000000
__Lreset_vec              reset_vec    000000
__Lrparam                 rparam       000000
__Lsfr                    sfr          000000
__Lsmallconst             smallconst   000000
__Lspace_0                (abs)        000000
__Lspace_1                (abs)        000000
__Lspace_2                (abs)        000000
__Lstack                  stack        000000
__Lstruct                 struct       000000
__Ltemp                   temp         000000
__Ltext                   text         000000
__Ltext0                  text0        000000
__Ltext1                  text1        000000
__Ltext10                 text10       000000
__Ltext11                 text11       000000
__Ltext12                 text12       000000
__Ltext13                 text13       000000
__Ltext14                 text14       000000
__Ltext15                 text15       000000
__Ltext16                 text16       000000
__Ltext17                 text17       000000
__Ltext18                 text18       000000
__Ltext19                 text19       000000
__Ltext2                  text2        000000
__Ltext20                 text20       000000
__Ltext3                  text3        000000
__Ltext4                  text4        000000
__Ltext5                  text5        000000
__Ltext6                  text6        000000
__Ltext7                  text7        000000
__Ltext8                  text8        000000
__Ltext9                  text9        000000
__S0                      (abs)        30000E
__S1                      (abs)        0002DC
__S2                      (abs)        000000
___awdiv                  text16       0071DC
___awdiv@counter          cstackCOMRAM 000005
___awdiv@dividend         cstackCOMRAM 000001
___awdiv@divisor          cstackCOMRAM 000003
___awdiv@quotient         cstackCOMRAM 000007
___awdiv@sign             cstackCOMRAM 000006
___inthi_sp               stack        000000
___intlo_sp               stack        000000
___param_bank             (abs)        000000
___rparam_used            (abs)        000001
___sp                     stack        000000
__accesstop               (abs)        000060
__activetblptr            (abs)        000002
__end_of_Font3x6          mediumconst  007FFE
__end_of_Font8x8          mediumconst  007F3B
__end_of___awdiv          text16       0072A0
__end_of__initialization  cinit        006E86
__end_of_delay_notes      text10       006CC8
__end_of_don              text9        006CE6
__end_of_fa               text8        006D04
__end_of_glcd_FillScreen  text19       006FEE
__end_of_glcd_Init        text18       00711E
__end_of_glcd_PlotPixel   text14       007372
__end_of_glcd_ReadByte    text15       006E56
__end_of_glcd_Rect        text13       0071DC
__end_of_glcd_SetCursor   text17       006EF8
__end_of_glcd_WriteByte   text20       006E20
__end_of_glcd_print_tab   text12       0074B8
__end_of_initMyPIC18F     text11       006DEA
__end_of_la               text7        006D22
__end_of_lao              text6        006D40
__end_of_main             text0        006F6E
__end_of_mi               text5        006D5E
__end_of_musique          text1        00773A
__end_of_re               text4        006D7C
__end_of_si               text3        006D9A
__end_of_sol              text2        006DB8
__initialization          cinit        006E56
__mediumconst             mediumconst  00773A
__pbssBANK2               bssBANK2     000200
__pbssCOMRAM              bssCOMRAM    000020
__pcinit                  cinit        006E56
__pcstackBANK1            cstackBANK1  000100
__pcstackCOMRAM           cstackCOMRAM 000001
__pdataBANK0              dataBANK0    000060
__pidataBANK0             idataBANK0   006FEE
__pmediumconst            mediumconst  00773A
__ptext0                  text0        006EF8
__ptext1                  text1        0074B8
__ptext10                 text10       006CAA
__ptext11                 text11       006DB8
__ptext12                 text12       007372
__ptext13                 text13       00711E
__ptext14                 text14       0072A0
__ptext15                 text15       006E20
__ptext16                 text16       0071DC
__ptext17                 text17       006E90
__ptext18                 text18       007082
__ptext19                 text19       006F6E
__ptext2                  text2        006D9A
__ptext20                 text20       006DEA
__ptext3                  text3        006D7C
__ptext4                  text4        006D5E
__ptext5                  text5        006D40
__ptext6                  text6        006D22
__ptext7                  text7        006D04
__ptext8                  text8        006CE6
__ptext9                  text9        006CC8
__ramtop                  ramtop       000800
__size_of___awdiv         (abs)        000000
__size_of_delay_notes     (abs)        000000
__size_of_don             (abs)        000000
__size_of_fa              (abs)        000000
__size_of_glcd_FillScreen (abs)        000000
__size_of_glcd_Init       (abs)        000000
__size_of_glcd_PlotPixel  (abs)        000000
__size_of_glcd_ReadByte   (abs)        000000
__size_of_glcd_Rect       (abs)        000000
__size_of_glcd_SetCursor  (abs)        000000
__size_of_glcd_WriteByte  (abs)        000000
__size_of_glcd_print_tab  (abs)        000000
__size_of_initMyPIC18F    (abs)        000000
__size_of_la              (abs)        000000
__size_of_lao             (abs)        000000
__size_of_main            (abs)        000000
__size_of_mi              (abs)        000000
__size_of_musique         (abs)        000000
__size_of_re              (abs)        000000
__size_of_si              (abs)        000000
__size_of_sol             (abs)        000000
__smallconst              smallconst   000000
_delay_notes              text10       006CAA
_don                      text9        006CC8
_fa                       text8        006CE6
_glcd_FillScreen          text19       006F6E
_glcd_Init                text18       007082
_glcd_PlotPixel           text14       0072A0
_glcd_ReadByte            text15       006E20
_glcd_Rect                text13       00711E
_glcd_SetCursor           text17       006E90
_glcd_WriteByte           text20       006DEA
_glcd_print_tab           text12       007372
_initMyPIC18F             text11       006DB8
_la                       text7        006D04
_lao                      text6        006D22
_main                     text0        006EF8
_mi                       text5        006D40
_musique                  text1        0074B8
_partition                dataBANK0    000060
_re                       text4        006D5E
_si                       text3        006D7C
_sol                      text2        006D9A
_x                        bssCOMRAM    000021
_y                        bssCOMRAM    000020
delay_notes@var           cstackCOMRAM 000001
end_of_initialization     cinit        006E86
glcd_FillScreen@color     cstackCOMRAM 00000B
glcd_FillScreen@i         cstackCOMRAM 00000D
glcd_FillScreen@j         cstackCOMRAM 00000C
glcd_Init@mode            cstackCOMRAM 00000E
glcd_PlotPixel@color      cstackCOMRAM 00000C
glcd_PlotPixel@data       cstackCOMRAM 000010
glcd_PlotPixel@side       cstackCOMRAM 000011
glcd_PlotPixel@xpos       cstackCOMRAM 00000F
glcd_PlotPixel@ypos       cstackCOMRAM 00000B
glcd_ReadByte@data        cstackCOMRAM 000002
glcd_ReadByte@side        cstackCOMRAM 000001
glcd_Rect@color           cstackCOMRAM 000015
glcd_Rect@i               cstackCOMRAM 000017
glcd_Rect@j               cstackCOMRAM 000018
glcd_Rect@xe              cstackCOMRAM 000013
glcd_Rect@xs              cstackCOMRAM 000016
glcd_Rect@ye              cstackCOMRAM 000014
glcd_Rect@ys              cstackCOMRAM 000012
glcd_SetCursor@side       cstackCOMRAM 00000C
glcd_SetCursor@xpos       cstackCOMRAM 00000D
glcd_SetCursor@ypos       cstackCOMRAM 00000B
glcd_WriteByte@data       cstackCOMRAM 000009
glcd_WriteByte@side       cstackCOMRAM 00000A
glcd_print_tab@ecran      cstackCOMRAM 000019
glcd_print_tab@i          cstackCOMRAM 00001E
glcd_print_tab@j          cstackCOMRAM 00001F
intlevel0                 text         000000
intlevel1                 text         000000
intlevel2                 text         000000
intlevel3                 text         000000
main@ecran                cstackBANK1  000100
musique@i                 cstackCOMRAM 000009
musique@z                 cstackCOMRAM 000007
stackhi                   (abs)        0007FF
stacklo                   (abs)        0002DC
start                     init         000000
start_initialization      cinit        006E56


FUNCTION INFORMATION:

 *************** function _main *****************
 Defined at:
		line 187 in file "../Test2-tetris.X/newmain1.c"
 Parameters:    Size  Location     Type
		None
 Auto vars:     Size  Location     Type
  ecran         220    0[BANK1 ] unsigned char [22][10]
 Return value:  Size  Location     Type
                  1    wreg      void 
 Registers used:
		wreg, fsr2l, fsr2h, status,2, status,0, prodl, prodh, cstack
 Tracked objects:
		On entry : 
		On exit  : 
		Unchanged: 
 Data sizes:     COMRAM   BANK0   BANK1   BANK2   BANK3   BANK4   BANK5   BANK6   BANK7
      Params:         0       0       0       0       0       0       0       0       0
      Locals:         0       0     220       0       0       0       0       0       0
      Temps:          0       0       0       0       0       0       0       0       0
      Totals:         0       0     220       0       0       0       0       0       0
Total ram usage:      220 bytes
 Hardware stack levels required when called:    4
 This function calls:
		_glcd_FillScreen
		_glcd_Init
		_glcd_Rect
		_glcd_SetCursor
		_glcd_print_tab
		_initMyPIC18F
		_musique
 This function is called by:
		Startup code after reset
 This function uses a non-reentrant model


 *************** function _musique *****************
 Defined at:
		line 167 in file "../Test2-tetris.X/newmain1.c"
 Parameters:    Size  Location     Type
		None
 Auto vars:     Size  Location     Type
  i               2    8[COMRAM] int 
  z               2    6[COMRAM] int 
 Return value:  Size  Location     Type
                  1    wreg      void 
 Registers used:
		wreg, fsr2l, fsr2h, status,2, status,0, cstack
 Tracked objects:
		On entry : 
		On exit  : 
		Unchanged: 
 Data sizes:     COMRAM   BANK0   BANK1   BANK2   BANK3   BANK4   BANK5   BANK6   BANK7
      Params:         0       0       0       0       0       0       0       0       0
      Locals:         4       0       0       0       0       0       0       0       0
      Temps:          4       0       0       0       0       0       0       0       0
      Totals:         8       0       0       0       0       0       0       0       0
Total ram usage:        8 bytes
 Hardware stack levels used:    1
 Hardware stack levels required when called:    2
 This function calls:
		_don
		_fa
		_la
		_lao
		_mi
		_re
		_si
		_sol
 This function is called by:
		_main
 This function uses a non-reentrant model


 *************** function _sol *****************
 Defined at:
		line 138 in file "../Test2-tetris.X/newmain1.c"
 Parameters:    Size  Location     Type
		None
 Auto vars:     Size  Location     Type
		None
 Return value:  Size  Location     Type
                  1    wreg      void 
 Registers used:
		wreg, status,2, status,0, cstack
 Tracked objects:
		On entry : 
		On exit  : 
		Unchanged: 
 Data sizes:     COMRAM   BANK0   BANK1   BANK2   BANK3   BANK4   BANK5   BANK6   BANK7
      Params:         0       0       0       0       0       0       0       0       0
      Locals:         0       0       0       0       0       0       0       0       0
      Temps:          0       0       0       0       0       0       0       0       0
      Totals:         0       0       0       0       0       0       0       0       0
Total ram usage:        0 bytes
 Hardware stack levels used:    1
 Hardware stack levels required when called:    1
 This function calls:
		_delay_notes
 This function is called by:
		_musique
 This function uses a non-reentrant model


 *************** function _si *****************
 Defined at:
		line 82 in file "../Test2-tetris.X/newmain1.c"
 Parameters:    Size  Location     Type
		None
 Auto vars:     Size  Location     Type
		None
 Return value:  Size  Location     Type
                  1    wreg      void 
 Registers used:
		wreg, status,2, status,0, cstack
 Tracked objects:
		On entry : 
		On exit  : 
		Unchanged: 
 Data sizes:     COMRAM   BANK0   BANK1   BANK2   BANK3   BANK4   BANK5   BANK6   BANK7
      Params:         0       0       0       0       0       0       0       0       0
      Locals:         0       0       0       0       0       0       0       0       0
      Temps:          0       0       0       0       0       0       0       0       0
      Totals:         0       0       0       0       0       0       0       0       0
Total ram usage:        0 bytes
 Hardware stack levels used:    1
 Hardware stack levels required when called:    1
 This function calls:
		_delay_notes
 This function is called by:
		_musique
 This function uses a non-reentrant model


 *************** function _re *****************
 Defined at:
		line 103 in file "../Test2-tetris.X/newmain1.c"
 Parameters:    Size  Location     Type
		None
 Auto vars:     Size  Location     Type
		None
 Return value:  Size  Location     Type
                  1    wreg      void 
 Registers used:
		wreg, status,2, status,0, cstack
 Tracked objects:
		On entry : 
		On exit  : 
		Unchanged: 
 Data sizes:     COMRAM   BANK0   BANK1   BANK2   BANK3   BANK4   BANK5   BANK6   BANK7
      Params:         0       0       0       0       0       0       0       0       0
      Locals:         0       0       0       0       0       0       0       0       0
      Temps:          0       0       0       0       0       0       0       0       0
      Totals:         0       0       0       0       0       0       0       0       0
Total ram usage:        0 bytes
 Hardware stack levels used:    1
 Hardware stack levels required when called:    1
 This function calls:
		_delay_notes
 This function is called by:
		_musique
 This function uses a non-reentrant model


 *************** function _mi *****************
 Defined at:
		line 117 in file "../Test2-tetris.X/newmain1.c"
 Parameters:    Size  Location     Type
		None
 Auto vars:     Size  Location     Type
		None
 Return value:  Size  Location     Type
                  1    wreg      void 
 Registers used:
		wreg, status,2, status,0, cstack
 Tracked objects:
		On entry : 
		On exit  : 
		Unchanged: 
 Data sizes:     COMRAM   BANK0   BANK1   BANK2   BANK3   BANK4   BANK5   BANK6   BANK7
      Params:         0       0       0       0       0       0       0       0       0
      Locals:         0       0       0       0       0       0       0       0       0
      Temps:          0       0       0       0       0       0       0       0       0
      Totals:         0       0       0       0       0       0       0       0       0
Total ram usage:        0 bytes
 Hardware stack levels used:    1
 Hardware stack levels required when called:    1
 This function calls:
		_delay_notes
 This function is called by:
		_musique
 This function uses a non-reentrant model


 *************** function _lao *****************
 Defined at:
		line 152 in file "../Test2-tetris.X/newmain1.c"
 Parameters:    Size  Location     Type
		None
 Auto vars:     Size  Location     Type
		None
 Return value:  Size  Location     Type
                  1    wreg      void 
 Registers used:
		wreg, status,2, status,0, cstack
 Tracked objects:
		On entry : 
		On exit  : 
		Unchanged: 
 Data sizes:     COMRAM   BANK0   BANK1   BANK2   BANK3   BANK4   BANK5   BANK6   BANK7
      Params:         0       0       0       0       0       0       0       0       0
      Locals:         0       0       0       0       0       0       0       0       0
      Temps:          0       0       0       0       0       0       0       0       0
      Totals:         0       0       0       0       0       0       0       0       0
Total ram usage:        0 bytes
 Hardware stack levels used:    1
 Hardware stack levels required when called:    1
 This function calls:
		_delay_notes
 This function is called by:
		_musique
 This function uses a non-reentrant model


 *************** function _la *****************
 Defined at:
		line 68 in file "../Test2-tetris.X/newmain1.c"
 Parameters:    Size  Location     Type
		None
 Auto vars:     Size  Location     Type
		None
 Return value:  Size  Location     Type
                  1    wreg      void 
 Registers used:
		wreg, status,2, status,0, cstack
 Tracked objects:
		On entry : 
		On exit  : 
		Unchanged: 
 Data sizes:     COMRAM   BANK0   BANK1   BANK2   BANK3   BANK4   BANK5   BANK6   BANK7
      Params:         0       0       0       0       0       0       0       0       0
      Locals:         0       0       0       0       0       0       0       0       0
      Temps:          0       0       0       0       0       0       0       0       0
      Totals:         0       0       0       0       0       0       0       0       0
Total ram usage:        0 bytes
 Hardware stack levels used:    1
 Hardware stack levels required when called:    1
 This function calls:
		_delay_notes
 This function is called by:
		_musique
 This function uses a non-reentrant model


 *************** function _fa *****************
 Defined at:
		line 124 in file "../Test2-tetris.X/newmain1.c"
 Parameters:    Size  Location     Type
		None
 Auto vars:     Size  Location     Type
		None
 Return value:  Size  Location     Type
                  1    wreg      void 
 Registers used:
		wreg, status,2, status,0, cstack
 Tracked objects:
		On entry : 
		On exit  : 
		Unchanged: 
 Data sizes:     COMRAM   BANK0   BANK1   BANK2   BANK3   BANK4   BANK5   BANK6   BANK7
      Params:         0       0       0       0       0       0       0       0       0
      Locals:         0       0       0       0       0       0       0       0       0
      Temps:          0       0       0       0       0       0       0       0       0
      Totals:         0       0       0       0       0       0       0       0       0
Total ram usage:        0 bytes
 Hardware stack levels used:    1
 Hardware stack levels required when called:    1
 This function calls:
		_delay_notes
 This function is called by:
		_musique
 This function uses a non-reentrant model


 *************** function _don *****************
 Defined at:
		line 89 in file "../Test2-tetris.X/newmain1.c"
 Parameters:    Size  Location     Type
		None
 Auto vars:     Size  Location     Type
		None
 Return value:  Size  Location     Type
                  1    wreg      void 
 Registers used:
		wreg, status,2, status,0, cstack
 Tracked objects:
		On entry : 
		On exit  : 
		Unchanged: 
 Data sizes:     COMRAM   BANK0   BANK1   BANK2   BANK3   BANK4   BANK5   BANK6   BANK7
      Params:         0       0       0       0       0       0       0       0       0
      Locals:         0       0       0       0       0       0       0       0       0
      Temps:          0       0       0       0       0       0       0       0       0
      Totals:         0       0       0       0       0       0       0       0       0
Total ram usage:        0 bytes
 Hardware stack levels used:    1
 Hardware stack levels required when called:    1
 This function calls:
		_delay_notes
 This function is called by:
		_musique
 This function uses a non-reentrant model


 *************** function _delay_notes *****************
 Defined at:
		line 62 in file "../Test2-tetris.X/newmain1.c"
 Parameters:    Size  Location     Type
  var             2    0[COMRAM] unsigned int 
 Auto vars:     Size  Location     Type
		None
 Return value:  Size  Location     Type
                  1    wreg      void 
 Registers used:
		wreg, status,2, status,0
 Tracked objects:
		On entry : 
		On exit  : 
		Unchanged: 
 Data sizes:     COMRAM   BANK0   BANK1   BANK2   BANK3   BANK4   BANK5   BANK6   BANK7
      Params:         2       0       0       0       0       0       0       0       0
      Locals:         0       0       0       0       0       0       0       0       0
      Temps:          0       0       0       0       0       0       0       0       0
      Totals:         2       0       0       0       0       0       0       0       0
Total ram usage:        2 bytes
 Hardware stack levels used:    1
 This function calls:
		Nothing
 This function is called by:
		_la
		_si
		_don
		_re
		_mi
		_fa
		_sol
		_lao
		_lab
 This function uses a non-reentrant model


 *************** function _initMyPIC18F *****************
 Defined at:
		line 4 in file "../Test2-tetris.X/init.c"
 Parameters:    Size  Location     Type
		None
 Auto vars:     Size  Location     Type
		None
 Return value:  Size  Location     Type
                  1    wreg      void 
 Registers used:
		wreg, status,2
 Tracked objects:
		On entry : 
		On exit  : 
		Unchanged: 
 Data sizes:     COMRAM   BANK0   BANK1   BANK2   BANK3   BANK4   BANK5   BANK6   BANK7
      Params:         0       0       0       0       0       0       0       0       0
      Locals:         0       0       0       0       0       0       0       0       0
      Temps:          0       0       0       0       0       0       0       0       0
      Totals:         0       0       0       0       0       0       0       0       0
Total ram usage:        0 bytes
 Hardware stack levels used:    1
 This function calls:
		Nothing
 This function is called by:
		_main
 This function uses a non-reentrant model


 *************** function _glcd_print_tab *****************
 Defined at:
		line 660 in file "../Test2-tetris.X/glcd.c"
 Parameters:    Size  Location     Type
  ecran           2   24[COMRAM] PTR unsigned char [22]
		 -> main@ecran(220), 
 Auto vars:     Size  Location     Type
  j               1   30[COMRAM] unsigned char 
  i               1   29[COMRAM] unsigned char 
 Return value:  Size  Location     Type
                  1    wreg      void 
 Registers used:
		wreg, fsr2l, fsr2h, status,2, status,0, prodl, prodh, cstack
 Tracked objects:
		On entry : 
		On exit  : 
		Unchanged: 
 Data sizes:     COMRAM   BANK0   BANK1   BANK2   BANK3   BANK4   BANK5   BANK6   BANK7
      Params:         2       0       0       0       0       0       0       0       0
      Locals:         2       0       0       0       0       0       0       0       0
      Temps:          3       0       0       0       0       0       0       0       0
      Totals:         7       0       0       0       0       0       0       0       0
Total ram usage:        7 bytes
 Hardware stack levels used:    1
 Hardware stack levels required when called:    3
 This function calls:
		_glcd_Rect
 This function is called by:
		_main
 This function uses a non-reentrant model


 *************** function _glcd_Rect *****************
 Defined at:
		line 643 in file "../Test2-tetris.X/glcd.c"
 Parameters:    Size  Location     Type
  xs              1    wreg     unsigned char 
  ys              1   17[COMRAM] unsigned char 
  xe              1   18[COMRAM] unsigned char 
  ye              1   19[COMRAM] unsigned char 
  color           1   20[COMRAM] unsigned char 
 Auto vars:     Size  Location     Type
  xs              1   21[COMRAM] unsigned char 
  j               1   23[COMRAM] unsigned char 
  i               1   22[COMRAM] unsigned char 
 Return value:  Size  Location     Type
                  1    wreg      void 
 Registers used:
		wreg, status,2, status,0, cstack
 Tracked objects:
		On entry : 
		On exit  : 
		Unchanged: 
 Data sizes:     COMRAM   BANK0   BANK1   BANK2   BANK3   BANK4   BANK5   BANK6   BANK7
      Params:         4       0       0       0       0       0       0       0       0
      Locals:         3       0       0       0       0       0       0       0       0
      Temps:          0       0       0       0       0       0       0       0       0
      Totals:         7       0       0       0       0       0       0       0       0
Total ram usage:        7 bytes
 Hardware stack levels used:    1
 Hardware stack levels required when called:    2
 This function calls:
		_glcd_PlotPixel
 This function is called by:
		_glcd_print_tab
		_main
 This function uses a non-reentrant model


 *************** function _glcd_PlotPixel *****************
 Defined at:
		line 469 in file "../Test2-tetris.X/glcd.c"
 Parameters:    Size  Location     Type
  xpos            1    wreg     unsigned char 
  ypos            1   10[COMRAM] unsigned char 
  color           1   11[COMRAM] unsigned char 
 Auto vars:     Size  Location     Type
  xpos            1   14[COMRAM] unsigned char 
  side            1   16[COMRAM] unsigned char 
  data            1   15[COMRAM] unsigned char 
 Return value:  Size  Location     Type
                  1    wreg      void 
 Registers used:
		wreg, status,2, status,0, cstack
 Tracked objects:
		On entry : 
		On exit  : 
		Unchanged: 
 Data sizes:     COMRAM   BANK0   BANK1   BANK2   BANK3   BANK4   BANK5   BANK6   BANK7
      Params:         2       0       0       0       0       0       0       0       0
      Locals:         3       0       0       0       0       0       0       0       0
      Temps:          2       0       0       0       0       0       0       0       0
      Totals:         7       0       0       0       0       0       0       0       0
Total ram usage:        7 bytes
 Hardware stack levels used:    1
 Hardware stack levels required when called:    1
 This function calls:
		___awdiv
		_glcd_ReadByte
		_glcd_WriteByte
 This function is called by:
		_glcd_Rect
 This function uses a non-reentrant model


 *************** function _glcd_ReadByte *****************
 Defined at:
		line 433 in file "../Test2-tetris.X/glcd.c"
 Parameters:    Size  Location     Type
  side            1    wreg     unsigned char 
 Auto vars:     Size  Location     Type
  side            1    0[COMRAM] unsigned char 
  data            1    1[COMRAM] unsigned char 
 Return value:  Size  Location     Type
                  1    wreg      unsigned char 
 Registers used:
		wreg, status,2
 Tracked objects:
		On entry : 
		On exit  : 
		Unchanged: 
 Data sizes:     COMRAM   BANK0   BANK1   BANK2   BANK3   BANK4   BANK5   BANK6   BANK7
      Params:         0       0       0       0       0       0       0       0       0
      Locals:         2       0       0       0       0       0       0       0       0
      Temps:          0       0       0       0       0       0       0       0       0
      Totals:         2       0       0       0       0       0       0       0       0
Total ram usage:        2 bytes
 Hardware stack levels used:    1
 This function calls:
		Nothing
 This function is called by:
		_glcd_PlotPixel
 This function uses a non-reentrant model


 *************** function ___awdiv *****************
 Defined at:
		line 7 in file "D:\programmes x86\pic\sources\c99\common\awdiv.c"
 Parameters:    Size  Location     Type
  dividend        2    0[COMRAM] int 
  divisor         2    2[COMRAM] int 
 Auto vars:     Size  Location     Type
  quotient        2    6[COMRAM] int 
  sign            1    5[COMRAM] unsigned char 
  counter         1    4[COMRAM] unsigned char 
 Return value:  Size  Location     Type
                  2    0[COMRAM] int 
 Registers used:
		wreg, status,2, status,0
 Tracked objects:
		On entry : 
		On exit  : 
		Unchanged: 
 Data sizes:     COMRAM   BANK0   BANK1   BANK2   BANK3   BANK4   BANK5   BANK6   BANK7
      Params:         4       0       0       0       0       0       0       0       0
      Locals:         4       0       0       0       0       0       0       0       0
      Temps:          0       0       0       0       0       0       0       0       0
      Totals:         8       0       0       0       0       0       0       0       0
Total ram usage:        8 bytes
 Hardware stack levels used:    1
 This function calls:
		Nothing
 This function is called by:
		_glcd_PlotPixel
 This function uses a non-reentrant model


 *************** function _glcd_SetCursor *****************
 Defined at:
		line 508 in file "../Test2-tetris.X/glcd.c"
 Parameters:    Size  Location     Type
  xpos            1    wreg     unsigned char 
  ypos            1   10[COMRAM] unsigned char 
 Auto vars:     Size  Location     Type
  xpos            1   12[COMRAM] unsigned char 
  side            1   11[COMRAM] unsigned char 
 Return value:  Size  Location     Type
                  1    wreg      void 
 Registers used:
		wreg, status,2, status,0, cstack
 Tracked objects:
		On entry : 
		On exit  : 
		Unchanged: 
 Data sizes:     COMRAM   BANK0   BANK1   BANK2   BANK3   BANK4   BANK5   BANK6   BANK7
      Params:         1       0       0       0       0       0       0       0       0
      Locals:         2       0       0       0       0       0       0       0       0
      Temps:          0       0       0       0       0       0       0       0       0
      Totals:         3       0       0       0       0       0       0       0       0
Total ram usage:        3 bytes
 Hardware stack levels used:    1
 Hardware stack levels required when called:    1
 This function calls:
		_glcd_WriteByte
 This function is called by:
		_main
 This function uses a non-reentrant model


 *************** function _glcd_Init *****************
 Defined at:
		line 334 in file "../Test2-tetris.X/glcd.c"
 Parameters:    Size  Location     Type
  mode            1    wreg     unsigned char 
 Auto vars:     Size  Location     Type
  mode            1   13[COMRAM] unsigned char 
 Return value:  Size  Location     Type
                  1    wreg      void 
 Registers used:
		wreg, status,2, status,0, prodl, prodh, cstack
 Tracked objects:
		On entry : 
		On exit  : 
		Unchanged: 
 Data sizes:     COMRAM   BANK0   BANK1   BANK2   BANK3   BANK4   BANK5   BANK6   BANK7
      Params:         0       0       0       0       0       0       0       0       0
      Locals:         1       0       0       0       0       0       0       0       0
      Temps:          0       0       0       0       0       0       0       0       0
      Totals:         1       0       0       0       0       0       0       0       0
Total ram usage:        1 bytes
 Hardware stack levels used:    1
 Hardware stack levels required when called:    2
 This function calls:
		_glcd_FillScreen
		_glcd_WriteByte
 This function is called by:
		_main
 This function uses a non-reentrant model


 *************** function _glcd_FillScreen *****************
 Defined at:
		line 408 in file "../Test2-tetris.X/glcd.c"
 Parameters:    Size  Location     Type
  color           1    wreg     unsigned char 
 Auto vars:     Size  Location     Type
  color           1   10[COMRAM] unsigned char 
  i               1   12[COMRAM] unsigned char 
  j               1   11[COMRAM] unsigned char 
 Return value:  Size  Location     Type
                  1    wreg      void 
 Registers used:
		wreg, status,2, status,0, prodl, prodh, cstack
 Tracked objects:
		On entry : 
		On exit  : 
		Unchanged: 
 Data sizes:     COMRAM   BANK0   BANK1   BANK2   BANK3   BANK4   BANK5   BANK6   BANK7
      Params:         0       0       0       0       0       0       0       0       0
      Locals:         3       0       0       0       0       0       0       0       0
      Temps:          0       0       0       0       0       0       0       0       0
      Totals:         3       0       0       0       0       0       0       0       0
Total ram usage:        3 bytes
 Hardware stack levels used:    1
 Hardware stack levels required when called:    1
 This function calls:
		_glcd_WriteByte
 This function is called by:
		_glcd_Init
		_main
 This function uses a non-reentrant model


 *************** function _glcd_WriteByte *****************
 Defined at:
		line 374 in file "../Test2-tetris.X/glcd.c"
 Parameters:    Size  Location     Type
  side            1    wreg     unsigned char 
  data            1    8[COMRAM] unsigned char 
 Auto vars:     Size  Location     Type
  side            1    9[COMRAM] unsigned char 
 Return value:  Size  Location     Type
                  1    wreg      void 
 Registers used:
		wreg, status,2
 Tracked objects:
		On entry : 
		On exit  : 
		Unchanged: 
 Data sizes:     COMRAM   BANK0   BANK1   BANK2   BANK3   BANK4   BANK5   BANK6   BANK7
      Params:         1       0       0       0       0       0       0       0       0
      Locals:         1       0       0       0       0       0       0       0       0
      Temps:          0       0       0       0       0       0       0       0       0
      Totals:         2       0       0       0       0       0       0       0       0
Total ram usage:        2 bytes
 Hardware stack levels used:    1
 This function calls:
		Nothing
 This function is called by:
		_glcd_Init
		_glcd_FillScreen
		_glcd_PlotPixel
		_glcd_SetCursor
		_glcd_WriteChar8X8
		_glcd_WriteChar3x6
 This function uses a non-reentrant model



MODULE INFORMATION

Module		Function		Class		Link	Load	Size
D:\programmes x86\pic\sources\c99\common\awdiv.c
		___awdiv       		CODE           	71DC	0000	197

D:\programmes x86\pic\sources\c99\common\awdiv.c estimated size: 197

../Test2-tetris.X/glcd.c
		_glcd_SetCursor		CODE           	6E90	0000	105
		_glcd_WriteByte		CODE           	6DEA	0000	55
		_glcd_Rect     		CODE           	711E	0000	191
		_glcd_Init     		CODE           	7082	0000	157
		_glcd_ReadByte 		CODE           	6E20	0000	55
		_glcd_FillScreen		CODE           	6F6E	0000	129
		_glcd_PlotPixel		CODE           	72A0	0000	211
		_glcd_print_tab		CODE           	7372	0000	327

../Test2-tetris.X/glcd.c estimated size: 1230

shared
		_Font3x6       		MEDIUMCONST    	7F3B	0000	196
		_Font8x8       		MEDIUMCONST    	773B	0000	2049
		__initialization		CODE           	6E56	0000	49

shared estimated size: 2294

../Test2-tetris.X/newmain1.c
		_lao           		CODE           	6D22	0000	31
		_fa            		CODE           	6CE6	0000	31
		_don           		CODE           	6CC8	0000	31
		_main          		CODE           	6EF8	0000	119
		_la            		CODE           	6D04	0000	31
		_sol           		CODE           	6D9A	0000	31
		_re            		CODE           	6D5E	0000	31
		_mi            		CODE           	6D40	0000	31
		_delay_notes   		CODE           	6CAA	0000	31
		_si            		CODE           	6D7C	0000	31
		_musique       		CODE           	74B8	0000	643

../Test2-tetris.X/newmain1.c estimated size: 1041

../Test2-tetris.X/init.c
		_initMyPIC18F  		CODE           	6DB8	0000	51

../Test2-tetris.X/init.c estimated size: 51

