MPLINK 5.09, LINKER
Linker Map File - Created Fri Oct 11 14:24:44 2019

                                 Section Info
                  Section       Type    Address   Location Size(Bytes)
                ---------  ---------  ---------  ---------  ---------
                 RES_VECT       code   0x000000    program   0x000004
                   .cinit    romdata   0x000004    program   0x000002
                MAIN_PROG       code   0x000006    program   0x00000e
.config_300001_BUILD/DEFAULT/DEBUG/NEWPIC_8B_SI    romdata   0x300001    program   0x000001
.config_300003_BUILD/DEFAULT/DEBUG/NEWPIC_8B_SI    romdata   0x300003    program   0x000001
.config_300005_BUILD/DEFAULT/DEBUG/NEWPIC_8B_SI    romdata   0x300005    program   0x000001
.config_300006_BUILD/DEFAULT/DEBUG/NEWPIC_8B_SI    romdata   0x300006    program   0x000001



                              Program Memory Usage 
                               Start         End      
                           ---------   ---------      
                            0x000000    0x000013      
                            0x300001    0x300001      
                            0x300003    0x300003      
                            0x300005    0x300006      
            24 out of 33048 program addresses used, program memory utilization is 0%



                              Symbols - Sorted by Name
                     Name    Address   Location    Storage File                     
                ---------  ---------  ---------  --------- ---------                
                     INIT   0x000006    program     static C:\Users\Utilisateur\Dropbox\cours\microcontroleur\Stopwatch.X\newpic_8b_simple.asm
                     MAIN   0x00000e    program     static C:\Users\Utilisateur\Dropbox\cours\microcontroleur\Stopwatch.X\newpic_8b_simple.asm



                              Symbols - Sorted by Address
                     Name    Address   Location    Storage File                     
                ---------  ---------  ---------  --------- ---------                
                     INIT   0x000006    program     static C:\Users\Utilisateur\Dropbox\cours\microcontroleur\Stopwatch.X\newpic_8b_simple.asm
                     MAIN   0x00000e    program     static C:\Users\Utilisateur\Dropbox\cours\microcontroleur\Stopwatch.X\newpic_8b_simple.asm


